1
qweqwerew